
> bing-rewards-tool@9.0.0 web
> ts-node --project tsconfig.json server/index.ts


🚀 Server đang chạy tại http://localhost:3789
   Mở trình duyệt để dùng Web UI.
   Nhấn Ctrl+C để dừng server.


=== BẮT ĐẦU KIỂM TRA ĐIỂM (1/1 profile có email) ===
[Profile 1] Đang kiểm tra điểm...
[Profile 1] ⚠️  Cookies bị bỏ qua — profile có thể đang mở trong Edge.
[Profile 1] Điểm: hôm nay=125 | desktop=90/90 | mobile=6/60 | lifetime=88891
=== HOÀN THÀNH KIỂM TRA ĐIỂM ===


>>> BẮT ĐẦU: [Profile 4] (leminhduy165234@gmail.com)
[Profile 4] Đang sao chép profile vào thư mục tạm...

>>> BẮT ĐẦU: [Profile 7] (phuongnh@pthub.vn)
[Profile 7] Đang sao chép profile vào thư mục tạm...
[Profile 4] Đang chờ ổn định tài khoản (5s)...
[Profile 7] Đang chờ ổn định tài khoản (5s)...
[Profile 7] [1/20] Đang tìm: "Thuận Hòa có thể là một trong số"
[Profile 4] [1/20] Đang tìm: "Exochus pedanticus là một loài tò vò trong họ"
[Profile 7] Nghỉ 12.026s...
[Profile 4] Nghỉ 11.486s...
[Profile 7] [2/20] Đang tìm: "các địa danh sau:Xã Thuận Hòa"
[Profile 4] [2/20] Đang tìm: "Ichneumonidae"
[Profile 4] Nghỉ 12.796s...
[Profile 7] Nghỉ 17.33s...
[Profile 4] [3/20] Đang tìm: "Pommerieux là một xã thuộc tỉnh Mayenne trong vùng Pays"
[Profile 7] [3/20] Đang tìm: "thành phố Cần ThơXã Thuận Hòa"
[Profile 4] Nghỉ 13.001s...
[Profile 7] Nghỉ 11.532s...
[Profile 4] [4/20] Đang tìm: "de la Loire tây bắc nước"
[Profile 7] [4/20] Đang tìm: "tỉnh Tuyên QuangĐịa danh cũPhường Thuận Hòa thuộc quận"
[Profile 4] Nghỉ 16.491s...
[Profile 7] Nghỉ 11.288s...
[Profile 4] [5/20] Đang tìm: "Pháp Xã này nằm ở khu vực có độ"
[Profile 7] [5/20] Đang tìm: "Phú Xuân thành phố Huế; nay là"
[Profile 4] Nghỉ 12.495s...
[Profile 7] Nghỉ 12.985s...
[Profile 4] [6/20] Đang tìm: "cao trung bình 60 mét trên mực nước biển"
[Profile 7] [6/20] Đang tìm: "một phần của phường Phú Xuân thành phố HuếXã"
[Profile 4] Nghỉ 13.934s...
[Profile 7] Nghỉ 13.845s...
[Profile 4] [7/20] Đang tìm: "Hoploscopa quadripuncta là một loài bướm đêm trong họ"
[Profile 7] [7/20] Đang tìm: "Thuận Hòa thuộc huyện Hàm Thuận Bắc tỉnh Bình Thuận;"
[Profile 4] Nghỉ 12.049s...
[Profile 7] Nghỉ 18.93s...
[Profile 4] [8/20] Đang tìm: "Crambidae"
[Profile 4] Nghỉ 11.998s...
[Profile 7] [8/20] Đang tìm: "nay là một phần của xã Hàm"
[Profile 4] [9/20] Đang tìm: "Lopezville là một nơi ấn định cho điều"
[Profile 7] Nghỉ 16.141s...
[Profile 4] Nghỉ 18.453s...
[Profile 7] [9/20] Đang tìm: "Trí tỉnh Lâm ĐồngXã Thuận Hòa thuộc huyện"
[Profile 7] Nghỉ 18.965s...
[Profile 4] [10/20] Đang tìm: "tra dân số CDP thuộc quận"
[Profile 7] [10/20] Đang tìm: "Vị Xuyên tỉnh Hà Giang; nay là xã Thuận Hòa"
[Profile 4] Nghỉ 16.768s...
[Profile 7] Nghỉ 17.36s...
[Profile 4] [11/20] Đang tìm: "Hidalgo tiểu bang Texas Hoa Kỳ Năm 2010 dân"
[Profile 7] [11/20] Đang tìm: "tỉnh Tuyên QuangXã Thuận Hòa thuộc huyện Long"
[Profile 4] Nghỉ 18.239s...
[Profile 7] Nghỉ 10.712s...
[Profile 7] [12/20] Đang tìm: "Mỹ tỉnh Hậu Giang; nay là một phần của xã"
[Profile 4] [12/20] Đang tìm: "số của nơi này là 4333 người"
[Profile 4] Nghỉ 12.783s...
[Profile 7] Nghỉ 15.529s...
[Profile 4] [13/20] Đang tìm: "Stibeutes brevicornis là một loài tò"
[Profile 7] [13/20] Đang tìm: "Xà Phiên thành phố Cần ThơXã Thuận Hòa thuộc"
[Profile 4] Nghỉ 17.422s...
[Profile 7] Nghỉ 15.457s...
[Profile 4] [14/20] Đang tìm: "vò trong họ Ichneumonidae"
[Profile 7] [14/20] Đang tìm: "huyện An Minh tỉnh Kiên Giang; nay là"
[Profile 4] Nghỉ 17.453s...
[Profile 7] Nghỉ 17.862s...
[Profile 4] [15/20] Đang tìm: "Erigonoplus dilatus là một loài nhện trong"
[Profile 7] [15/20] Đang tìm: "một phần của xã Tân Thạnh tỉnh"
[Profile 4] Nghỉ 19.337s...
[Profile 7] Nghỉ 11.788s...
